// Bun Snapshot v1, https://bun.sh/docs/test/snapshots

exports[`invalid credentials rejects a non-numeric project_id 1`] = `""`;

exports[`invalid credentials reports a project that does not exist 1`] = `"●  Fetching project info"`;

exports[`invalid credentials reports an invalid api_token 1`] = `"●  Fetching project info"`;

exports[`invalid credentials rejects a base_path that does not exist 1`] = `""`;

exports[`invalid credentials rejects an invalid base_url 1`] = `""`;
